// Jest Snapshot v1, https://goo.gl/fbAQLP

exports[`renders without crashing 1`] = `
<div>
  <Header />
  <withRouter(Main) />
  <Footer />
</div>
`;
