// Jest Snapshot v1, https://goo.gl/fbAQLP

exports[`renders component 1`] = `
<Route
  render={[Function]}
/>
`;

exports[`renders with history props 1`] = `
<Router
  history={
    Object {
      "action": "POP",
      "block": [Function],
      "createHref": [Function],
      "go": [Function],
      "goBack": [Function],
      "goForward": [Function],
      "length": 1,
      "listen": [Function],
      "location": Object {
        "hash": "",
        "pathname": "/",
        "search": "",
        "state": undefined,
      },
      "push": [Function],
      "replace": [Function],
    }
  }
>
  <withRouter(Main) />
</Router>
`;
